1. error: название файла redmy.txt д.б. readme.txt
2. ...
